../Drivers/STM32L5xx_HAL_Driver/Inc/stm32l5xx_ll_bus.h:433:22:LL_AHB2_GRP1_EnableClock	24	static
../Drivers/STM32L5xx_HAL_Driver/Inc/stm32l5xx_ll_bus.h:914:22:LL_APB1_GRP2_EnableClock	24	static
../Core/Src/main.c:95:5:main	16	static
../Core/Src/main.c:186:6:SystemClock_Config	104	static
../Core/Src/main.c:245:13:MX_ADC1_Init	48	static
../Core/Src/main.c:312:13:MX_ICACHE_Init	8	static
../Core/Src/main.c:344:13:MX_LPUART1_UART_Init	8	static
../Core/Src/main.c:392:13:MX_RTC_Init	32	static
../Core/Src/main.c:439:13:MX_SPI1_Init	8	static
../Core/Src/main.c:479:13:MX_UCPD1_Init	32	static
../Core/Src/main.c:521:13:MX_USB_PCD_Init	8	static
../Core/Src/main.c:554:13:MX_GPIO_Init	48	static
../Core/Src/main.c:629:6:StartDefaultTask	16	static
../Core/Src/main.c:648:6:HAL_TIM_PeriodElapsedCallback	16	static
../Core/Src/main.c:665:6:Error_Handler	4	static,ignoring_inline_asm
